// Jest Snapshot v1, https://goo.gl/fbAQLP

exports[`SearchInput test renders 1`] = `
<Provider
  store={
    Object {
      "@@observable": [Function],
      "dispatch": [Function],
      "getState": [Function],
      "replaceReducer": [Function],
      "subscribe": [Function],
    }
  }
>
  <SearchInput
    onDebounce={
      [MockFunction] {
        "calls": Array [
          Array [
            "",
          ],
        ],
        "results": Array [
          Object {
            "type": "return",
            "value": undefined,
          },
        ],
      }
    }
  />
</Provider>
`;
